HttpParseException
Unexpected "string" keyword after "@" character.  Once inside code, you do not need to prefix constructs like "string" with "@"